[debug] [2026-09-15T18:56:09.996Z] ----------------------------------------------------------------------
[debug] [2026-09-15T18:56:10.010Z] Command:       C:\Program Files\nodejs\node.exe C:\Users\Avinay\AppData\Local\npm-cache\_npx\ba4f1959e38407b5\node_modules\firebase-tools\lib\bin\firebase.js deploy --only database,functions --project apnasatthilko
[debug] [2026-09-15T18:56:10.012Z] CLI Version:   15.30.1
[debug] [2026-09-15T18:56:10.012Z] Platform:      win32
[debug] [2026-09-15T18:56:10.013Z] Node Version:  v24.12.0
[debug] [2026-09-15T18:56:10.014Z] Detected Agent: antigravity
[debug] [2026-09-15T18:56:10.014Z] Time:          Wed Sep 16 2026 00:26:10 GMT+0530 (भारतीय मानक समय)
[debug] [2026-09-15T18:56:10.015Z] ----------------------------------------------------------------------
[debug] 
[debug] [2026-09-15T18:58:26.148Z] > command requires scopes: ["email","openid","https://www.googleapis.com/auth/cloudplatformprojects.readonly","https://www.googleapis.com/auth/firebase","https://www.googleapis.com/auth/cloud-platform"]
[debug] [2026-09-15T18:58:26.150Z] > authorizing via signed-in user (avinaytiwari550@gmail.com)
[debug] [2026-09-15T18:58:26.151Z] [iam] checking project apnasatthilko for permissions ["cloudfunctions.functions.create","cloudfunctions.functions.delete","cloudfunctions.functions.get","cloudfunctions.functions.list","cloudfunctions.functions.update","cloudfunctions.operations.get","firebase.projects.get","firebasedatabase.instances.update"]
[debug] [2026-09-15T18:58:26.333Z] Checked if tokens are valid: true, expires at: 1789500762697
[debug] [2026-09-15T18:58:26.334Z] Checked if tokens are valid: true, expires at: 1789500762697
[debug] [2026-09-15T18:58:26.349Z] >>> [apiv2][query] POST https://cloudresourcemanager.googleapis.com/v1/projects/apnasatthilko:testIamPermissions [none]
[debug] [2026-09-15T18:58:26.350Z] >>> [apiv2][(partial)header] POST https://cloudresourcemanager.googleapis.com/v1/projects/apnasatthilko:testIamPermissions  x-goog-user-project=apnasatthilko
[debug] [2026-09-15T18:58:26.351Z] >>> [apiv2][body] POST https://cloudresourcemanager.googleapis.com/v1/projects/apnasatthilko:testIamPermissions {"permissions":["cloudfunctions.functions.create","cloudfunctions.functions.delete","cloudfunctions.functions.get","cloudfunctions.functions.list","cloudfunctions.functions.update","cloudfunctions.operations.get","firebase.projects.get","firebasedatabase.instances.update"]}
[debug] [2026-09-15T18:58:27.019Z] *** [apiv2] error from fetch(https://cloudresourcemanager.googleapis.com/v1/projects/apnasatthilko:testIamPermissions, {"headers":{},"method":"POST","body":"{\"permissions\":[\"cloudfunctions.functions.create\",\"cloudfunctions.functions.delete\",\"cloudfunctions.functions.get\",\"cloudfunctions.functions.list\",\"cloudfunctions.functions.update\",\"cloudfunctions.operations.get\",\"firebase.projects.get\",\"firebasedatabase.instances.update\"]}"}): Error: read ECONNRESET
[debug] [2026-09-15T18:58:27.022Z] *** [apiv2] retrying https://cloudresourcemanager.googleapis.com/v1/projects/apnasatthilko:testIamPermissions without keep-alive after a premature close error
[debug] [2026-09-15T18:58:28.127Z] *** [apiv2] Attempting the request again. Attempt number 2
[debug] [2026-09-15T18:58:28.128Z] >>> [apiv2][query] POST https://cloudresourcemanager.googleapis.com/v1/projects/apnasatthilko:testIamPermissions [none]
[debug] [2026-09-15T18:58:28.128Z] >>> [apiv2][(partial)header] POST https://cloudresourcemanager.googleapis.com/v1/projects/apnasatthilko:testIamPermissions  x-goog-user-project=apnasatthilko
[debug] [2026-09-15T18:58:28.130Z] >>> [apiv2][body] POST https://cloudresourcemanager.googleapis.com/v1/projects/apnasatthilko:testIamPermissions {"permissions":["cloudfunctions.functions.create","cloudfunctions.functions.delete","cloudfunctions.functions.get","cloudfunctions.functions.list","cloudfunctions.functions.update","cloudfunctions.operations.get","firebase.projects.get","firebasedatabase.instances.update"]}
[debug] [2026-09-15T18:58:30.415Z] <<< [apiv2][status] POST https://cloudresourcemanager.googleapis.com/v1/projects/apnasatthilko:testIamPermissions 200
[debug] [2026-09-15T18:58:30.416Z] <<< [apiv2][body] POST https://cloudresourcemanager.googleapis.com/v1/projects/apnasatthilko:testIamPermissions {"permissions":["cloudfunctions.functions.create","cloudfunctions.functions.delete","cloudfunctions.functions.get","cloudfunctions.functions.list","cloudfunctions.functions.update","cloudfunctions.operations.get","firebase.projects.get","firebasedatabase.instances.update"]}
[debug] [2026-09-15T18:58:30.418Z] Checked if tokens are valid: true, expires at: 1789500762697
[debug] [2026-09-15T18:58:30.418Z] Checked if tokens are valid: true, expires at: 1789500762697
[debug] [2026-09-15T18:58:30.420Z] >>> [apiv2][query] POST https://iam.googleapis.com/v1/projects/apnasatthilko/serviceAccounts/apnasatthilko@appspot.gserviceaccount.com:testIamPermissions [none]
[debug] [2026-09-15T18:58:30.421Z] >>> [apiv2][body] POST https://iam.googleapis.com/v1/projects/apnasatthilko/serviceAccounts/apnasatthilko@appspot.gserviceaccount.com:testIamPermissions {"permissions":["iam.serviceAccounts.actAs"]}
[debug] [2026-09-15T18:58:32.311Z] <<< [apiv2][status] POST https://iam.googleapis.com/v1/projects/apnasatthilko/serviceAccounts/apnasatthilko@appspot.gserviceaccount.com:testIamPermissions 200
[debug] [2026-09-15T18:58:32.312Z] <<< [apiv2][body] POST https://iam.googleapis.com/v1/projects/apnasatthilko/serviceAccounts/apnasatthilko@appspot.gserviceaccount.com:testIamPermissions {"permissions":["iam.serviceAccounts.actAs"]}
[debug] [2026-09-15T18:58:32.315Z] Checked if tokens are valid: true, expires at: 1789500762697
[debug] [2026-09-15T18:58:32.315Z] Checked if tokens are valid: true, expires at: 1789500762697
[debug] [2026-09-15T18:58:32.316Z] >>> [apiv2][query] GET https://firebase.googleapis.com/v1beta1/projects/apnasatthilko [none]
[debug] [2026-09-15T18:58:33.134Z] <<< [apiv2][status] GET https://firebase.googleapis.com/v1beta1/projects/apnasatthilko 200
[debug] [2026-09-15T18:58:33.135Z] <<< [apiv2][body] GET https://firebase.googleapis.com/v1beta1/projects/apnasatthilko {"projectId":"apnasatthilko","projectNumber":"247813001651","displayName":"Apna Satthi","name":"projects/apnasatthilko","resources":{"hostingSite":"apnasatthilko","realtimeDatabaseInstance":"apnasatthilko-default-rtdb"},"state":"ACTIVE","labels":{"firebase":"enabled","firebase/storage-default-bucket":"created","firebase.ai-integrations/builder":"ai-studio"},"etag":"1_91a3dbbe-0010-4c23-942d-aa2010f5fee5"}
[info] 
[info] === Deploying to 'apnasatthilko'...
[info] 
[info] i  deploying database, functions 
[info] i  database: checking rules syntax... 
[debug] [2026-09-15T18:58:33.202Z] Checked if tokens are valid: true, expires at: 1789500762697
[debug] [2026-09-15T18:58:33.203Z] Checked if tokens are valid: true, expires at: 1789500762697
[debug] [2026-09-15T18:58:33.204Z] >>> [apiv2][query] GET https://firebasedatabase.googleapis.com/v1beta/projects/apnasatthilko/locations/-/instances/apnasatthilko-default-rtdb [none]
[debug] [2026-09-15T18:58:35.186Z] <<< [apiv2][status] GET https://firebasedatabase.googleapis.com/v1beta/projects/apnasatthilko/locations/-/instances/apnasatthilko-default-rtdb 200
[debug] [2026-09-15T18:58:35.187Z] <<< [apiv2][body] GET https://firebasedatabase.googleapis.com/v1beta/projects/apnasatthilko/locations/-/instances/apnasatthilko-default-rtdb {"name":"projects/247813001651/locations/asia-southeast1/instances/apnasatthilko-default-rtdb","project":"projects/247813001651","databaseUrl":"https://apnasatthilko-default-rtdb.asia-southeast1.firebasedatabase.app","type":"DEFAULT_DATABASE","state":"ACTIVE"}
[debug] [2026-09-15T18:58:35.212Z] Checked if tokens are valid: true, expires at: 1789500762697
[debug] [2026-09-15T18:58:35.213Z] Checked if tokens are valid: true, expires at: 1789500762697
[debug] [2026-09-15T18:58:35.216Z] >>> [apiv2][query] PUT https://apnasatthilko-default-rtdb.asia-southeast1.firebasedatabase.app/.settings/rules.json dryRun=true
[debug] [2026-09-15T18:58:35.217Z] >>> [apiv2][body] PUT https://apnasatthilko-default-rtdb.asia-southeast1.firebasedatabase.app/.settings/rules.json "{\n  \"rules\": {\n    \"users\": {\n      \"$uid\": {\n        \".read\": \"auth != null && (auth.uid === $uid || root.child('users').child($uid).child('parentId').val() === auth.uid)\",\n        \".write\": \"auth != null && (auth.uid === $uid || (root.child('users').child($uid).child('parentId').val() === auth.uid))\",\n        \".validate\": \"newData.hasChildren(['role']) && (auth.uid === $uid ? newData.child('role').val() === data.child('role').val() || !data.child('role').exists() : true)\"\n      }\n    },\n    \"streams\": {\n      \"$childId\": {\n        \".read\": \"auth != null && (auth.uid === $childId || root.child('users').child($childId).child('parentId').val() === auth.uid)\",\n        \".write\": \"auth != null && (auth.uid === $childId || root.child('users').child($childId).child('parentId').val() === auth.uid)\"\n      }\n    },\n    \"signaling\": {\n      \"$sessionId\": {\n        \".read\": \"auth != null && $sessionId.contains(auth.uid)\",\n        \".write\": \"auth != null && $sessionId.contains(auth.uid)\"\n      }\n    },\n    \"recordings\": {\n      \"$childId\": {\n        \".read\": \"auth != null && (auth.uid === $childId || root.child('users').child($childId).child('parentId').val() === auth.uid)\",\n        \".write\": \"auth != null && auth.uid === $childId\"\n      }\n    },\n    \"app_update\": {\n      \".read\": \"auth != null\",\n      \".write\": \"auth != null && root.child('users').child(auth.uid).child('role').val() === 'admin'\"\n    },\n    \"ice_servers\": {\n      \".read\": \"auth != null\",\n      \".write\": \"auth != null && root.child('users').child(auth.uid).child('role').val() === 'admin'\"\n    },\n    \"device_health\": {\n      \"$uid\": {\n        \".read\": \"auth != null && (auth.uid === $uid || root.child('users').child($uid).child('parentId').val() === auth.uid)\",\n        \".write\": \"auth != null && auth.uid === $uid\"\n      }\n    },\n    \"feature_diagnostics\": {\n      \"$uid\": {\n        \".read\": \"auth != null && (auth.uid === $uid || root.child('users').child($uid).child('parentId').val() === auth.uid)\",\n        \".write\": \"auth != null && auth.uid === $uid\"\n      }\n    },\n    \"alerts\": {\n      \"$childId\": {\n        \".read\": \"auth != null && (auth.uid === $childId || root.child('users').child($childId).child('parentId').val() === auth.uid)\",\n        \".write\": \"auth != null && auth.uid === $childId\"\n      }\n    },\n    \"call_logs\": {\n      \"$childId\": {\n        \".read\": \"auth != null && (auth.uid === $childId || root.child('users').child($childId).child('parentId').val() === auth.uid)\",\n        \".write\": \"auth != null && auth.uid === $childId\"\n      }\n    },\n    \"notifications\": {\n      \"$childId\": {\n        \".read\": \"auth != null && (auth.uid === $childId || root.child('users').child($childId).child('parentId').val() === auth.uid)\",\n        \".write\": \"auth != null && auth.uid === $childId\"\n      }\n    },\n    \"schedules\": {\n      \"$childId\": {\n        \".read\": \"auth != null && (auth.uid === $childId || root.child('users').child($childId).child('parentId').val() === auth.uid)\",\n        \".write\": \"auth != null && (auth.uid === $childId || root.child('users').child($childId).child('parentId').val() === auth.uid)\"\n      }\n    },\n    \"snapshots\": {\n      \"$childId\": {\n        \".read\": \"auth != null && (auth.uid === $childId || root.child('users').child($childId).child('parentId').val() === auth.uid)\",\n        \".write\": \"auth != null && (auth.uid === $childId || root.child('users').child($childId).child('parentId').val() === auth.uid)\"\n      }\n    },\n    \"app_usage\": {\n      \"$childId\": {\n        \".read\": \"auth != null && (auth.uid === $childId || root.child('users').child($childId).child('parentId').val() === auth.uid)\",\n        \".write\": \"auth != null && auth.uid === $childId\"\n      }\n    },\n    \"parent_controls\": {\n      \"$childId\": {\n        \".read\": \"auth != null && (auth.uid === $childId || root.child('users').child($childId).child('parentId').val() === auth.uid)\",\n        \".write\": \"auth != null && root.child('users').child($childId).child('parentId').val() === auth.uid\"\n      }\n    },\n    \"sms_logs\": {\n      \"$childId\": {\n        \".read\": \"auth != null && (auth.uid === $childId || root.child('users').child($childId).child('parentId').val() === auth.uid)\",\n        \".write\": \"auth != null && auth.uid === $childId\"\n      }\n    },\n    \"commands\": {\n      \"$childId\": {\n        \".read\": \"auth != null && (auth.uid === $childId || root.child('users').child($childId).child('parentId').val() === auth.uid)\",\n        \".write\": \"auth != null && root.child('users').child($childId).child('parentId').val() === auth.uid\"\n      }\n    },\n    \"location_history\": {\n      \"$childId\": {\n        \".read\": \"auth != null && (auth.uid === $childId || root.child('users').child($childId).child('parentId').val() === auth.uid)\",\n        \".write\": \"auth != null && auth.uid === $childId\"\n      }\n    },\n    \"geofences\": {\n      \"$childId\": {\n        \".read\": \"auth != null && (auth.uid === $childId || root.child('users').child($childId).child('parentId').val() === auth.uid)\",\n        \".write\": \"auth != null && root.child('users').child($childId).child('parentId').val() === auth.uid\"\n      }\n    },\n    \"media_items\": {\n      \"$childId\": {\n        \".read\": \"auth != null && (auth.uid === $childId || root.child('users').child($childId).child('parentId').val() === auth.uid)\",\n        \".write\": \"auth != null && auth.uid === $childId\"\n      }\n    },\n    \"web_history\": {\n      \"$childId\": {\n        \".read\": \"auth != null && (auth.uid === $childId || root.child('users').child($childId).child('parentId').val() === auth.uid)\",\n        \".write\": \"auth != null && auth.uid === $childId\"\n      }\n    },\n    \"network_history\": {\n      \"$childId\": {\n        \".read\": \"auth != null && (auth.uid === $childId || root.child('users').child($childId).child('parentId').val() === auth.uid)\",\n        \".write\": \"auth != null && auth.uid === $childId\"\n      }\n    },\n    \"sim_info\": {\n      \"$childId\": {\n        \".read\": \"auth != null && (auth.uid === $childId || root.child('users').child($childId).child('parentId').val() === auth.uid)\",\n        \".write\": \"auth != null && auth.uid === $childId\"\n      }\n    },\n    \"package_events\": {\n      \"$childId\": {\n        \".read\": \"auth != null && (auth.uid === $childId || root.child('users').child($childId).child('parentId').val() === auth.uid)\",\n        \".write\": \"auth != null && auth.uid === $childId\"\n      }\n    }\n  }\n}"
[debug] [2026-09-15T18:58:35.673Z] <<< [apiv2][status] PUT https://apnasatthilko-default-rtdb.asia-southeast1.firebasedatabase.app/.settings/rules.json 200
[debug] [2026-09-15T18:58:35.674Z] <<< [apiv2][body] PUT https://apnasatthilko-default-rtdb.asia-southeast1.firebasedatabase.app/.settings/rules.json {"status":"ok"}
[info] +  database: rules syntax for database apnasatthilko-default-rtdb is valid 
[debug] [2026-09-15T18:58:35.688Z] Checked if tokens are valid: true, expires at: 1789500762697
[debug] [2026-09-15T18:58:35.688Z] Checked if tokens are valid: true, expires at: 1789500762697
[debug] [2026-09-15T18:58:35.689Z] >>> [apiv2][query] GET https://cloudresourcemanager.googleapis.com/v1/projects/apnasatthilko [none]
[debug] [2026-09-15T18:58:37.267Z] <<< [apiv2][status] GET https://cloudresourcemanager.googleapis.com/v1/projects/apnasatthilko 200
[debug] [2026-09-15T18:58:37.268Z] <<< [apiv2][body] GET https://cloudresourcemanager.googleapis.com/v1/projects/apnasatthilko {"projectNumber":"247813001651","projectId":"apnasatthilko","lifecycleState":"ACTIVE","name":"Apna Satthi","labels":{"firebase":"enabled","firebase-core":"disabled"},"createTime":"2026-07-27T09:08:21.649Z"}
[info] i  functions: preparing codebase default for deployment 
[info] i  functions: ensuring required API cloudfunctions.googleapis.com is enabled... 
[info] i  functions: ensuring required API cloudbuild.googleapis.com is enabled... 
[info] i  artifactregistry: ensuring required API artifactregistry.googleapis.com is enabled... 
[debug] [2026-09-15T18:58:37.293Z] Checked if tokens are valid: true, expires at: 1789500762697
[debug] [2026-09-15T18:58:37.294Z] Checked if tokens are valid: true, expires at: 1789500762697
[debug] [2026-09-15T18:58:37.295Z] >>> [apiv2][query] GET https://firebase.googleapis.com/v1beta1/projects/apnasatthilko/adminSdkConfig [none]
[debug] [2026-09-15T18:58:38.503Z] <<< [apiv2][status] GET https://firebase.googleapis.com/v1beta1/projects/apnasatthilko/adminSdkConfig 200
[debug] [2026-09-15T18:58:38.504Z] <<< [apiv2][body] GET https://firebase.googleapis.com/v1beta1/projects/apnasatthilko/adminSdkConfig {"projectId":"apnasatthilko","databaseURL":"https://apnasatthilko-default-rtdb.asia-southeast1.firebasedatabase.app","storageBucket":"apnasatthilko.firebasestorage.app"}
[debug] [2026-09-15T18:58:38.507Z] Checked if tokens are valid: true, expires at: 1789500762697
[debug] [2026-09-15T18:58:38.507Z] Checked if tokens are valid: true, expires at: 1789500762697
[debug] [2026-09-15T18:58:38.508Z] >>> [apiv2][query] GET https://runtimeconfig.googleapis.com/v1beta1/projects/apnasatthilko/configs [none]
[debug] [2026-09-15T18:58:39.130Z] <<< [apiv2][status] GET https://runtimeconfig.googleapis.com/v1beta1/projects/apnasatthilko/configs 200
[debug] [2026-09-15T18:58:39.131Z] <<< [apiv2][body] GET https://runtimeconfig.googleapis.com/v1beta1/projects/apnasatthilko/configs {}
[debug] [2026-09-15T18:58:39.143Z] Validating nodejs source
[warn] !  functions: package.json indicates an outdated version of firebase-functions. Please upgrade using npm install --save firebase-functions@latest in your functions directory. 
[warn] !  functions: Please note that there will be breaking changes when you upgrade. 
[debug] [2026-09-15T18:58:48.829Z] > [functions] package.json contents: {
  "name": "authapp-functions",
  "scripts": {
    "serve": "firebase serve --only functions",
    "shell": "firebase functions:shell",
    "start": "npm run shell",
    "deploy": "firebase deploy --only functions",
    "logs": "firebase functions:log"
  },
  "engines": {
    "node": "22"
  },
  "main": "index.js",
  "dependencies": {
    "firebase-admin": "^12.6.0",
    "firebase-functions": "^4.9.0"
  },
  "devDependencies": {
    "firebase-functions-test": "^3.4.0"
  },
  "private": true
}
[debug] [2026-09-15T18:58:48.831Z] Building nodejs source
[info] i  functions: Loading and analyzing source code for codebase default to determine what to deploy 
[info] i  functions: You are using a version of firebase-functions SDK (4.9.0) that does not have support for the newest Firebase Extensions features. Please update firebase-functions SDK to >=5.1.0 to use them correctly 
[debug] [2026-09-15T18:58:48.847Z] Could not find functions.yaml. Must use http discovery
[debug] [2026-09-15T18:58:48.930Z] Found firebase-functions binary at 'E:\Calculator\functions\node_modules\.bin\firebase-functions'
[debug] [2026-09-15T18:58:59.041Z] Failed to call quitquitquit. This often means the server failed to start fetch failed {}
[info] Serving at port 8728

